feature@org.be.textbe=SVN,url=https://textbe.googlecode.com/svn,path=org.be.textbe-feature
plugin@org.be.textbe.gv.gv2text=SVN,url=https://textbe.googlecode.com/svn,path=org.be.textbe.gv.gv2text
plugin@org.be.textbe.gv.model=SVN,url=https://textbe.googlecode.com/svn,path=org.be.textbe.gv.model
plugin@org.be.textbe.gv.view=SVN,url=https://textbe.googlecode.com/svn,path=org.be.textbe.gv.view
plugin@org.be.textbe.st.examples=SVN,url=https://textbe.googlecode.com/svn,path=org.be.textbe.st.examples
plugin@org.be.textbe.beviz=SVN,url=https://textbe.googlecode.com/svn,path=org.be.textbe.beviz
plugin@org.be.textbe.bt.examples=SVN,url=https://textbe.googlecode.com/svn,path=org.be.textbe.bt.examples
feature@org.be.textbe.bt.model=SVN,url=https://textbe.googlecode.com/svn,path=org.be.textbe.bt.model-feature
plugin@org.be.textbe.bt.model=SVN,url=https://textbe.googlecode.com/svn,path=org.be.textbe.bt.model
plugin@org.be.textbe.bt.textbt.resource.bt=SVN,url=https://textbe.googlecode.com/svn,path=org.be.textbe.bt.textbt.resource.bt
plugin@org.be.textbe.bt.textbt.resource.bt.ui=SVN,url=https://textbe.googlecode.com/svn,path=org.be.textbe.bt.textbt.resource.bt.ui
feature@org.be.textbe.ct.model=SVN,url=https://textbe.googlecode.com/svn,path=org.be.textbe.ct.model-feature
plugin@org.be.textbe.ct.model=SVN,url=https://textbe.googlecode.com/svn,path=org.be.textbe.ct.model
plugin@org.be.textbe.ct.textct.resource.ct=SVN,url=https://textbe.googlecode.com/svn,path=org.be.textbe.ct.textct.resource.ct
plugin@org.be.textbe.ct.textct.resource.ct.ui=SVN,url=https://textbe.googlecode.com/svn,path=org.be.textbe.ct.textct.resource.ct.ui
feature@org.be.textbe.st.model=SVN,url=https://textbe.googlecode.com/svn,path=org.be.textbe.st.model-feature
plugin@org.be.textbe.st.model=SVN,url=https://textbe.googlecode.com/svn,path=org.be.textbe.st.model
plugin@org.be.textbe.st.textst.resource.st=SVN,url=https://textbe.googlecode.com/svn,path=org.be.textbe.st.textst.resource.st
plugin@org.be.textbe.st.textst.resource.st.ui=SVN,url=https://textbe.googlecode.com/svn,path=org.be.textbe.st.textst.resource.st.ui
feature@org.be.textbe.dependencies=SVN,url=https://textbe.googlecode.com/svn,path=org.be.textbe.dependencies-feature
